
Warning-[LNX_OS_VERUN] Unsupported Linux version
  Linux version 'Rocky Linux release 8.10 (Green Obsidian)' is not supported 
  on 'x86_64' officially, assuming linux compatibility by default. Set 
  VCS_ARCH_OVERRIDE to linux or suse32 to override.
  Please refer to release notes for information on supported platforms.

Command: vcs -full64 -sverilog +define+SIMULATION +incdir+../rtl/uart/include +incdir+../rtl/spi/include \
+lint=TFIPC-L -f filelist_uart_qrs_spi_fir_adc_gpio_timer_integration_BRIDGED.f -top \
tb_soc_uart_qrs_spi_fir_adc_gpio_timer_top -o simv_bridged_3x18 -l compile_tfipc.log \

                         Chronologic VCS (TM)
         Version U-2023.03_Full64 -- Tue Oct  6 14:14:38 2026

                    Copyright (c) 1991 - 2023 Synopsys, Inc.
   This software and the associated documentation are proprietary to Synopsys,
 Inc. This software may only be used in accordance with the terms and conditions
 of a written license agreement with Synopsys, Inc. All other use, reproduction,
   or distribution of this software is strictly prohibited.  Licensed Products
     communicate with Synopsys servers for the purpose of providing software
    updates, detecting software piracy and verifying that customers are using
    Licensed Products in conformity with the applicable License Key for such
  Licensed Products. Synopsys will use information gathered in connection with
    this process to deliver software updates and pursue software pirates and
                                   infringers.

 Inclusivity & Diversity - Visit SolvNetPlus to read the "Synopsys Statement on
            Inclusivity and Diversity" (Refer to article 000036315 at
                        https://solvnetplus.synopsys.com)

Parsing design file '../rtl/interconnect/axi_interconnect.v'
Parsing design file '../rtl/interconnect/axi_interconnect_wrap_3x18.v'
Parsing design file '../rtl/interconnect/arbiter.v'
Parsing design file '../rtl/interconnect/priority_encoder.v'
Parsing design file '../rtl/common/axi4lite_slave_adapter.sv'
Parsing design file '../rtl/common/axi4_to_axi4lite_bridge.sv'
Parsing design file '../rtl/uart/axi_internal_fifo.v'
Parsing design file '../rtl/uart/uart_parity_bit_compute.v'
Parsing design file '../rtl/uart/uart_receiver.v'
Parsing design file '../rtl/uart/uart_transmitter.v'
Parsing design file '../rtl/uart/uart_controller.v'
Parsing design file '../rtl/uart/axi_uart_top.v'
Parsing included file '../rtl/uart/include/axi_uart_defines.vh'.
Back to file '../rtl/uart/axi_uart_top.v'.
Parsing included file '../rtl/uart/include/axi_uart.vh'.
Back to file '../rtl/uart/axi_uart_top.v'.
Parsing design file '../rtl/spi/ratio_clk.v'
Parsing design file '../rtl/spi/spi_clk_gen.v'
Parsing design file '../rtl/spi/spi_ctrl.v'
Parsing design file '../rtl/spi/spi_exch_byte.v'
Parsing design file '../rtl/spi/spi_fifo.v'
Parsing design file '../rtl/spi/spi_valid_logic.v'
Parsing design file '../rtl/spi/axi_spi_ctrl.v'
Parsing design file '../rtl/spi/axi_spi_top.v'
Parsing included file '../rtl/spi/include/axi_spi_defines.vh'.
Back to file '../rtl/spi/axi_spi_top.v'.
Parsing included file '../rtl/spi/include/axi_spi.vh'.
Back to file '../rtl/spi/axi_spi_top.v'.
Parsing design file '../rtl/QRS/baseline_filter.v'
Parsing design file '../rtl/QRS/first_difference.v'
Parsing design file '../rtl/QRS/icg_generic.v'
Parsing design file '../rtl/QRS/moving_sum12.v'
Parsing design file '../rtl/QRS/moving_sum20.v'
Parsing design file '../rtl/QRS/pow2_normalizer.v'
Parsing design file '../rtl/QRS/rr_classifier.v'
Parsing design file '../rtl/QRS/schmitt_peak_detector.v'
Parsing design file '../rtl/QRS/search_back.v'
Parsing design file '../rtl/QRS/shannon_lut12.v'
Parsing design file '../rtl/QRS/square10.v'
Parsing design file '../rtl/QRS/ecg_wtsee_v6_top.v'
Parsing design file '../rtl/QRS/qrs_axi4_wrapper.v'
Parsing design file '../rtl/FIR/axis_fifo.v'
Parsing design file '../rtl/FIR/fir_axi_lite.v'
Parsing design file '../rtl/FIR/fir_dsp.v'
Parsing design file '../rtl/FIR/fir_top.v'
Parsing design file '../rtl/ADC/adc_pkg.sv'
Parsing design file '../rtl/ADC/adc_fifo.sv'
Parsing design file '../rtl/ADC/adc_sample_acquisition.sv'
Parsing design file '../rtl/ADC/adc_sampling_scheduler.sv'
Parsing design file '../rtl/ADC/adc_registers.sv'
Parsing design file '../rtl/ADC/adc_axi_lite_slave.sv'
Parsing design file '../rtl/ADC/adc_controller.sv'
Parsing design file '../rtl/gpio/gpio_bit.sv'
Parsing design file '../rtl/gpio/gpio_wrapper.sv'
Parsing design file '../rtl/gpio/gpio_regs.sv'
Parsing design file '../rtl/gpio/gpio_axi.sv'
Parsing design file '../rtl/timer/timer_core.sv'
Parsing design file '../rtl/timer/timer_regs.sv'
Parsing design file '../rtl/timer/timer_axi.sv'
Parsing design file '../rtl/soc_uart_qrs_spi_fir_adc_gpio_timer_top_BRIDGED.sv'
Parsing design file '../tb/tb_soc_uart_qrs_spi_fir_adc_gpio_timer_top.sv'
Top Level Modules:
       tb_soc_uart_qrs_spi_fir_adc_gpio_timer_top
TimeScale is 1 ns / 1 ps

Lint-[TFIPC-L] Too few instance port connections
../rtl/soc_uart_qrs_spi_fir_adc_gpio_timer_top_BRIDGED.sv, 601
soc_uart_qrs_spi_fir_adc_gpio_timer_top, "axi_interconnect_wrap_3x18 #(.DATA_WIDTH(DATA_WIDTH), .ADDR_WIDTH(ADDR_WIDTH), .STRB_WIDTH(STRB_WIDTH), .ID_WIDTH(ID_WIDTH), .AWUSER_WIDTH(1), .WUSER_WIDTH(1), .BUSER_WIDTH(1), .ARUSER_WIDTH(1), .RUSER_WIDTH(1), .M_REGIONS(1), .M00_BASE_ADDR(32'h40000000), .M00_ADDR_WIDTH(32'd12), .M00_CONNECT_READ(3'b1), .M00_CONNECT_WRITE(3'b1), .M01_BASE_ADDR(32'h40012000), .M01_ADDR_WIDTH(32'd12), .M01_CONNECT_READ(3'b1), .M01_CONNECT_WRITE(3'b1), .M02_BASE_ADDR(32'h40010000), .M02_ADDR_WIDTH(32'd12), .M02_CONNECT_READ(3'b1), .M02_CONNECT_WRITE(3'b1), .M03_BASE_ADDR(32'h4000c000), .M03_ADDR_WIDTH(32'd12), .M03_CONNECT_READ(3'b1), .M03_CONNECT_WRITE(3'b1), .M04_BASE_ADDR(32'h4000e000), .M04_ADDR_WIDTH(32'd12), .M04_CONNECT_READ(3'b1), .M04_CONNECT_WRITE(3'b1), .M05_B ... "
  The above instance has fewer port connections than the module definition,
  There are 920 port(s) in module "axi_interconnect_wrap_3x18" definition, but
  at most 890 port connect(s) in the instance.
  output port 's01_axi_awready' is not connected,
  output port 's01_axi_wready' is not connected,
  output port 's01_axi_bid' is not connected,
  output port 's01_axi_bresp' is not connected,
  output port 's01_axi_buser' is not connected,
  output port 's01_axi_bvalid' is not connected,
  output port 's01_axi_arready' is not connected,
  output port 's01_axi_rid' is not connected,
  output port 's01_axi_rdata' is not connected,
  output port 's01_axi_rresp' is not connected,
  output port 's01_axi_rlast' is not connected,
  output port 's01_axi_ruser' is not connected,
  output port 's01_axi_rvalid' is not connected,
  output port 's02_axi_awready' is not connected,
  output port 's02_axi_wready' is not connected,
  output port 's02_axi_bid' is not connected,
  output port 's02_axi_bresp' is not connected,
  output port 's02_axi_buser' is not connected,
  output port 's02_axi_bvalid' is not connected,
  output port 's02_axi_arready' is not connected,
  output port 's02_axi_rid' is not connected,
  output port 's02_axi_rdata' is not connected,
  output port 's02_axi_rresp' is not connected,
  output port 's02_axi_rlast' is not connected,
  output port 's02_axi_ruser' is not connected,
  output port 's02_axi_rvalid' is not connected,
  output port 'm07_axi_awid' is not connected,
  output port 'm07_axi_awaddr' is not connected,
  output port 'm07_axi_awlen' is not connected,
  output port 'm07_axi_awsize' is not connected,
  ... ...

Starting vcs inline pass...

12 modules and 0 UDP read.
recompiling module tb_soc_uart_qrs_spi_fir_adc_gpio_timer_top
	However, due to incremental compilation, only 1 module needs to be compiled. 
rm -f _cuarc*.so _csrc*.so pre_vcsobj_*.so share_vcsobj_*.so
if [ -x ../simv_bridged_3x18 ]; then chmod a-x ../simv_bridged_3x18; fi
g++  -o ../simv_bridged_3x18      -rdynamic  -Wl,-rpath='$ORIGIN'/simv_bridged_3x18.daidir \
-Wl,-rpath=./simv_bridged_3x18.daidir -Wl,-rpath=/home/student/snps_tools_target/vcs/U-2023.03/linux64/lib \
-L/home/student/snps_tools_target/vcs/U-2023.03/linux64/lib  -Wl,-rpath-link=./  \
/usr/lib64/libnuma.so.1   objs/amcQw_d.o   _72958_archive_1.so _prev_archive_1.so \
SIM_l.o      rmapats_mop.o rmapats.o rmar.o rmar_nd.o  rmar_llvm_0_1.o rmar_llvm_0_0.o \
-lvirsim -lerrorinf -lsnpsmalloc -lvfs    -lvcsnew -lsimprofile -luclinative /home/student/snps_tools_target/vcs/U-2023.03/linux64/lib/vcs_tls.o \
-Wl,-whole-archive  -lvcsucli    -Wl,-no-whole-archive          /home/student/snps_tools_target/vcs/U-2023.03/linux64/lib/vcs_save_restore_new.o \
-ldl  -lc -lm -lpthread -ldl 
../simv_bridged_3x18 up to date
CPU time: .769 seconds to compile + .221 seconds to elab + .152 seconds to link
