
Warning-[LNX_OS_VERUN] Unsupported Linux version
  Linux version 'Rocky Linux release 8.10 (Green Obsidian)' is not supported 
  on 'x86_64' officially, assuming linux compatibility by default. Set 
  VCS_ARCH_OVERRIDE to linux or suse32 to override.
  Please refer to release notes for information on supported platforms.

Command: vcs -full64 -sverilog +define+SIMULATION +incdir+../rtl/uart/include +incdir+../rtl/spi/include \
-f filelist_uart_qrs_spi_fir_adc_gpio_timer_integration_BRIDGED.f -top tb_soc_uart_qrs_spi_fir_adc_gpio_timer_top \
-o simv_bridged_3x18 -l compile_fixed.log
                         Chronologic VCS (TM)
         Version U-2023.03_Full64 -- Tue Oct  6 14:16:16 2026

                    Copyright (c) 1991 - 2023 Synopsys, Inc.
   This software and the associated documentation are proprietary to Synopsys,
 Inc. This software may only be used in accordance with the terms and conditions
 of a written license agreement with Synopsys, Inc. All other use, reproduction,
   or distribution of this software is strictly prohibited.  Licensed Products
     communicate with Synopsys servers for the purpose of providing software
    updates, detecting software piracy and verifying that customers are using
    Licensed Products in conformity with the applicable License Key for such
  Licensed Products. Synopsys will use information gathered in connection with
    this process to deliver software updates and pursue software pirates and
                                   infringers.

 Inclusivity & Diversity - Visit SolvNetPlus to read the "Synopsys Statement on
            Inclusivity and Diversity" (Refer to article 000036315 at
                        https://solvnetplus.synopsys.com)

Parsing design file '../rtl/interconnect/axi_interconnect.v'
Parsing design file '../rtl/interconnect/axi_interconnect_wrap_3x18.v'
Parsing design file '../rtl/interconnect/arbiter.v'
Parsing design file '../rtl/interconnect/priority_encoder.v'
Parsing design file '../rtl/common/axi4lite_slave_adapter.sv'
Parsing design file '../rtl/common/axi4_to_axi4lite_bridge.sv'
Parsing design file '../rtl/uart/axi_internal_fifo.v'
Parsing design file '../rtl/uart/uart_parity_bit_compute.v'
Parsing design file '../rtl/uart/uart_receiver.v'
Parsing design file '../rtl/uart/uart_transmitter.v'
Parsing design file '../rtl/uart/uart_controller.v'
Parsing design file '../rtl/uart/axi_uart_top.v'
Parsing included file '../rtl/uart/include/axi_uart_defines.vh'.
Back to file '../rtl/uart/axi_uart_top.v'.
Parsing included file '../rtl/uart/include/axi_uart.vh'.
Back to file '../rtl/uart/axi_uart_top.v'.
Parsing design file '../rtl/spi/ratio_clk.v'
Parsing design file '../rtl/spi/spi_clk_gen.v'
Parsing design file '../rtl/spi/spi_ctrl.v'
Parsing design file '../rtl/spi/spi_exch_byte.v'
Parsing design file '../rtl/spi/spi_fifo.v'
Parsing design file '../rtl/spi/spi_valid_logic.v'
Parsing design file '../rtl/spi/axi_spi_ctrl.v'
Parsing design file '../rtl/spi/axi_spi_top.v'
Parsing included file '../rtl/spi/include/axi_spi_defines.vh'.
Back to file '../rtl/spi/axi_spi_top.v'.
Parsing included file '../rtl/spi/include/axi_spi.vh'.
Back to file '../rtl/spi/axi_spi_top.v'.
Parsing design file '../rtl/QRS/baseline_filter.v'
Parsing design file '../rtl/QRS/first_difference.v'
Parsing design file '../rtl/QRS/icg_generic.v'
Parsing design file '../rtl/QRS/moving_sum12.v'
Parsing design file '../rtl/QRS/moving_sum20.v'
Parsing design file '../rtl/QRS/pow2_normalizer.v'
Parsing design file '../rtl/QRS/rr_classifier.v'
Parsing design file '../rtl/QRS/schmitt_peak_detector.v'
Parsing design file '../rtl/QRS/search_back.v'
Parsing design file '../rtl/QRS/shannon_lut12.v'
Parsing design file '../rtl/QRS/square10.v'
Parsing design file '../rtl/QRS/ecg_wtsee_v6_top.v'
Parsing design file '../rtl/QRS/qrs_axi4_wrapper.v'
Parsing design file '../rtl/FIR/axis_fifo.v'
Parsing design file '../rtl/FIR/fir_axi_lite.v'
Parsing design file '../rtl/FIR/fir_dsp.v'
Parsing design file '../rtl/FIR/fir_top.v'
Parsing design file '../rtl/ADC/adc_pkg.sv'
Parsing design file '../rtl/ADC/adc_fifo.sv'
Parsing design file '../rtl/ADC/adc_sample_acquisition.sv'
Parsing design file '../rtl/ADC/adc_sampling_scheduler.sv'
Parsing design file '../rtl/ADC/adc_registers.sv'
Parsing design file '../rtl/ADC/adc_axi_lite_slave.sv'
Parsing design file '../rtl/ADC/adc_controller.sv'
Parsing design file '../rtl/gpio/gpio_bit.sv'
Parsing design file '../rtl/gpio/gpio_wrapper.sv'
Parsing design file '../rtl/gpio/gpio_regs.sv'
Parsing design file '../rtl/gpio/gpio_axi.sv'
Parsing design file '../rtl/timer/timer_core.sv'
Parsing design file '../rtl/timer/timer_regs.sv'
Parsing design file '../rtl/timer/timer_axi.sv'
Parsing design file '../rtl/soc_uart_qrs_spi_fir_adc_gpio_timer_top_BRIDGED.sv'
Parsing design file '../tb/tb_soc_uart_qrs_spi_fir_adc_gpio_timer_top.sv'
Top Level Modules:
       tb_soc_uart_qrs_spi_fir_adc_gpio_timer_top
TimeScale is 1 ns / 1 ps
Starting vcs inline pass...

12 modules and 0 UDP read.
recompiling module tb_soc_uart_qrs_spi_fir_adc_gpio_timer_top
	However, due to incremental compilation, only 1 module needs to be compiled. 
rm -f _cuarc*.so _csrc*.so pre_vcsobj_*.so share_vcsobj_*.so
if [ -x ../simv_bridged_3x18 ]; then chmod a-x ../simv_bridged_3x18; fi
g++  -o ../simv_bridged_3x18      -rdynamic  -Wl,-rpath='$ORIGIN'/simv_bridged_3x18.daidir \
-Wl,-rpath=./simv_bridged_3x18.daidir -Wl,-rpath=/home/student/snps_tools_target/vcs/U-2023.03/linux64/lib \
-L/home/student/snps_tools_target/vcs/U-2023.03/linux64/lib  -Wl,-rpath-link=./  \
/usr/lib64/libnuma.so.1   objs/amcQw_d.o   _73978_archive_1.so _prev_archive_1.so \
SIM_l.o      rmapats_mop.o rmapats.o rmar.o rmar_nd.o  rmar_llvm_0_1.o rmar_llvm_0_0.o \
-lvirsim -lerrorinf -lsnpsmalloc -lvfs    -lvcsnew -lsimprofile -luclinative /home/student/snps_tools_target/vcs/U-2023.03/linux64/lib/vcs_tls.o \
-Wl,-whole-archive  -lvcsucli    -Wl,-no-whole-archive          /home/student/snps_tools_target/vcs/U-2023.03/linux64/lib/vcs_save_restore_new.o \
-ldl  -lc -lm -lpthread -ldl 
../simv_bridged_3x18 up to date
CPU time: .708 seconds to compile + .261 seconds to elab + .141 seconds to link
