Command: /home/student/Documents/HONOURS_CBP_CARDIOEDGE/run/./simv -l sim_cardioedge_riscv.log
Chronologic VCS simulator copyright 1991-2023
Contains Synopsys proprietary information.
Compiler version U-2023.03_Full64; Runtime version U-2023.03_Full64;  Oct  7 10:57 2026
----------------------------------------------------------------
UVM-1.1d.Synopsys
(C) 2007-2013 Mentor Graphics Corporation
(C) 2007-2013 Cadence Design Systems, Inc.
(C) 2006-2013 Synopsys, Inc.
(C) 2011-2013 Cypress Semiconductor Corp.
----------------------------------------------------------------

  ***********       IMPORTANT RELEASE NOTES         ************

  You are using a version of the UVM library that has been compiled
  with `UVM_NO_DEPRECATED undefined.
  See http://www.eda.org/svdb/view.php?id=3313 for more details.

  You are using a version of the UVM library that has been compiled
  with `UVM_OBJECT_MUST_HAVE_CONSTRUCTOR undefined.
  See http://www.eda.org/svdb/view.php?id=3770 for more details.

      (Specify +UVM_NO_RELNOTES to turn off this notice)

[TB INIT] Loaded 2200 ECG samples from ecg_input.txt

================================================================
   CARDIOEDGE VeeR EL2 RISC-V SoC INTEGRATION TESTBENCH
================================================================

----------------------------------------------------------------
TEST 1: RESET ASSERTION AND DEASSERTION
----------------------------------------------------------------
Addressing configuration for axi_interconnect instance tb_cardioedge_riscv_soc.dut.u_interconnect.axi_interconnect_inst
 0 ( 0): 40000000 / 12 -- 40000000-40000fff
 1 ( 0): 40002000 / 12 -- 40002000-40002fff
 2 ( 0): 40004000 / 12 -- 40004000-40004fff
 3 ( 0): 4000c000 / 12 -- 4000c000-4000cfff
 4 ( 0): 4000e000 / 12 -- 4000e000-4000efff
 5 ( 0): 40010000 / 12 -- 40010000-40010fff
 6 ( 0): 40012000 / 12 -- 40012000-40012fff
 7 ( 0): 00000000 / 16 -- 00000000-0000ffff
 8 ( 0): 00010000 / 16 -- 00010000-0001ffff
 9 ( 0): 40006000 / 12 -- 40006000-40006fff
10 ( 0): 40008000 / 12 -- 40008000-40008fff
11 ( 0): 4000a000 / 12 -- 4000a000-4000afff
12 ( 0): 40014000 / 12 -- 40014000-40014fff
13 ( 0): 40016000 / 12 -- 40016000-40016fff
14 ( 0): 40018000 / 12 -- 40018000-40018fff
15 ( 0): 4001a000 / 12 -- 4001a000-4001afff
16 ( 0): 4001c000 / 12 -- 4001c000-4001cfff
17 ( 0): 4001e000 / 12 -- 4001e000-4001efff
  Reset asserted: rst_n = 0
  Reset deasserted: rst_n = 1
[PASS] RESET

----------------------------------------------------------------
TEST 2: VeeR STARTUP / INSTRUCTION FETCH
----------------------------------------------------------------
  [IFU] ARADDR = 0x00000008 (Fetch #1)
  VeeR IFU successfully issued instruction fetch at reset vector!
[PASS] VeeR STARTUP / INSTRUCTION FETCH

----------------------------------------------------------------
TEST 3: IMEM INSTRUCTION MEMORY ACCESS (0x0000_0000 - 0x0000_FFFF)
----------------------------------------------------------------
  [IFU] RDATA  = 0x00552023, RRESP = 2'b00
  [IFU] ARADDR = 0x0000000c (Fetch #2)
  [IFU] RDATA  = 0x00052303, RRESP = 2'b00
  IMEM accesses observed: 2
[FAIL] IMEM ACCESS

----------------------------------------------------------------
TEST 4: DMEM DATA MEMORY ACCESS (0x0001_0000 - 0x0001_FFFF)
----------------------------------------------------------------
  DMEM writes: 0, reads: 0
[FAIL] DMEM WRITE / READ

----------------------------------------------------------------
TEST 5: UART PERIPHERAL ACCESS (0x4000_0000)
----------------------------------------------------------------
[FAIL] UART ACCESS

----------------------------------------------------------------
TEST 6: GPIO PERIPHERAL ACCESS (0x4000_2000)
----------------------------------------------------------------
[FAIL] GPIO ACCESS

----------------------------------------------------------------
TEST 7: TIMER PERIPHERAL ACCESS (0x4000_4000)
----------------------------------------------------------------
[FAIL] TIMER ACCESS

----------------------------------------------------------------
TEST 8: FIR FILTER ENGINE ACCESS (0x4000_C000)
----------------------------------------------------------------

[WATCHDOG TIMEOUT] Simulation exceeded maximum cycle limit
CARDIOEDGE RISC-V INTEGRATION: FAIL (TIMEOUT)
$finish called from file "../tb/tb_cardioedge_riscv_soc.sv", line 677.
$finish at simulation time           2000000000
           V C S   S i m u l a t i o n   R e p o r t 
Time: 2000000000 ps
CPU Time:      0.240 seconds;       Data structure size:   0.7Mb
Wed Oct  7 10:57:57 2026
